Copyright 1986-2018 Xilinx, Inc. All Rights Reserved.
------------------------------------------------------------------------------------
| Tool Version : Vivado v.2018.1 (win64) Build 2188600 Wed Apr  4 18:40:38 MDT 2018
| Date         : Mon Jun 18 12:05:37 2018
| Host         : LAPTOP-ARTRU running 64-bit major release  (build 9200)
| Command      : report_control_sets -verbose -file pong_control_sets_placed.rpt
| Design       : pong
| Device       : xc7a35t
------------------------------------------------------------------------------------

Control Set Information

Table of Contents
-----------------
1. Summary
2. Histogram
3. Flip-Flop Distribution
4. Detailed Control Set Information

1. Summary
----------

+----------------------------------------------------------+-------+
|                          Status                          | Count |
+----------------------------------------------------------+-------+
| Number of unique control sets                            |    12 |
| Unused register locations in slices containing registers |    66 |
+----------------------------------------------------------+-------+


2. Histogram
------------

+--------+--------------+
| Fanout | Control Sets |
+--------+--------------+
|      1 |            3 |
|      3 |            1 |
|      4 |            1 |
|      6 |            1 |
|      9 |            2 |
|     10 |            1 |
|     11 |            2 |
|     12 |            1 |
+--------+--------------+


3. Flip-Flop Distribution
-------------------------

+--------------+-----------------------+------------------------+-----------------+--------------+
| Clock Enable | Synchronous Set/Reset | Asynchronous Set/Reset | Total Registers | Total Slices |
+--------------+-----------------------+------------------------+-----------------+--------------+
| No           | No                    | No                     |              13 |            8 |
| No           | No                    | Yes                    |               3 |            1 |
| No           | Yes                   | No                     |              13 |            8 |
| Yes          | No                    | No                     |              24 |           12 |
| Yes          | No                    | Yes                    |               0 |            0 |
| Yes          | Yes                   | No                     |              25 |           11 |
+--------------+-----------------------+------------------------+-----------------+--------------+


4. Detailed Control Set Information
-----------------------------------

+----------------+-------------------------+--------------------------+------------------+----------------+
|  Clock Signal  |      Enable Signal      |     Set/Reset Signal     | Slice Load Count | Bel Load Count |
+----------------+-------------------------+--------------------------+------------------+----------------+
|  clk_out_BUFG  |                         | vga/HS0                  |                1 |              1 |
|  clk_out_BUFG  |                         | vga/VS0                  |                1 |              1 |
|  clock/eqOp    |                         |                          |                1 |              1 |
|  clk_IBUF_BUFG |                         | clock/clk_int[2]_i_2_n_0 |                1 |              3 |
|  clk_out_BUFG  | vga/ball_pos_v10        | vga/ball_pos_v1_reg[1]   |                2 |              4 |
|  clk_out_BUFG  | vga/ball_pos_v10        |                          |                1 |              6 |
|  clk_out_BUFG  | vga/E[0]                |                          |                5 |              9 |
|  clk_out_BUFG  | vga/paddle_v2_reg[1][0] |                          |                6 |              9 |
|  clk_out_BUFG  | vga/new_frame10_out     | vga/SR[0]                |                3 |             10 |
|  clk_out_BUFG  |                         | vga/hcounter[10]_i_1_n_0 |                6 |             11 |
|  clk_out_BUFG  | vga/eqOp                | vga/vcounter[10]_i_1_n_0 |                6 |             11 |
|  clk_out_BUFG  |                         |                          |                7 |             12 |
+----------------+-------------------------+--------------------------+------------------+----------------+


